#
# There is insufficient memory for the Java Runtime Environment to continue.
# Native memory allocation (malloc) failed to allocate 649696 bytes. Error detail: Chunk::new
# Possible reasons:
#   The system is out of physical RAM or swap space
#   This process is running with CompressedOops enabled, and the Java Heap may be blocking the growth of the native heap
# Possible solutions:
#   Reduce memory load on the system
#   Increase physical memory or swap space
#   Check if swap backing store is full
#   Decrease Java heap size (-Xmx/-Xms)
#   Decrease number of Java threads
#   Decrease Java thread stack sizes (-Xss)
#   Set larger code cache with -XX:ReservedCodeCacheSize=
#   JVM is running with Unscaled Compressed Oops mode in which the Java heap is
#     placed in the first 4GB address space. The Java Heap base address is the
#     maximum limit for the native heap growth. Please use -XX:HeapBaseMinAddress
#     to set the Java Heap base and to place the Java Heap above 4GB virtual address.
# This output file may be truncated or incomplete.
#
#  Out of Memory Error (arena.cpp:168), pid=34340, tid=15492
#
# JRE version: OpenJDK Runtime Environment Temurin-21.0.10+7 (21.0.10+7) (build 21.0.10+7-LTS)
# Java VM: OpenJDK 64-Bit Server VM Temurin-21.0.10+7 (21.0.10+7-LTS, mixed mode, sharing, tiered, compressed oops, compressed class ptrs, parallel gc, windows-amd64)
# No core dump will be written. Minidumps are not enabled by default on client versions of Windows
#

---------------  S U M M A R Y ------------

Command Line: --add-modules=ALL-SYSTEM --add-opens=java.base/java.util=ALL-UNNAMED --add-opens=java.base/java.lang=ALL-UNNAMED --add-opens=java.base/sun.nio.fs=ALL-UNNAMED -Declipse.application=org.eclipse.jdt.ls.core.id1 -Dosgi.bundles.defaultStartLevel=4 -Declipse.product=org.eclipse.jdt.ls.core.product -Djava.import.generatesMetadataFilesAtProjectRoot=false -DDetectVMInstallationsJob.disabled=true -Dfile.encoding=utf8 -XX:+UseParallelGC -XX:GCTimeRatio=4 -XX:AdaptiveSizePolicyWeight=90 -Dsun.zip.disableMemoryMapping=true -Xmx2G -Xms100m -Xlog:disable -javaagent:c:\Users\USER\.vscode\extensions\redhat.java-1.54.0-win32-x64\lombok\lombok-1.18.39-4050.jar c:\Users\USER\.vscode\extensions\redhat.java-1.54.0-win32-x64\server\plugins\org.eclipse.equinox.launcher_1.7.100.v20251111-0406.jar -configuration c:\Users\USER\AppData\Roaming\Code\User\globalStorage\redhat.java\1.54.0\config_ss_win -data c:\Users\USER\AppData\Roaming\Code\User\workspaceStorage\94930351792b84602ed816a46c01cee6\redhat.java\ss_ws --pipe=\\.\pipe\lsp-83124360ae3b0d5bb2bee2b7ceb048bb-sock

Host: Intel(R) Core(TM) Ultra 5 125U, 14 cores, 23G,  Windows 11 , 64 bit Build 26100 (10.0.26100.4484)
Time: Thu May  7 12:57:31 2026 Afr. centrale Ouest elapsed time: 12.087348 seconds (0d 0h 0m 12s)

---------------  T H R E A D  ---------------

Current thread (0x000002ce72cf4bc0):  JavaThread "C2 CompilerThread0" daemon [_thread_in_native, id=15492, stack(0x000000d6ea100000,0x000000d6ea200000) (1024K)]


Current CompileTask:
C2:12087 5693       4       lombok.eclipse.EclipseAST::drill (80 bytes)

Stack: [0x000000d6ea100000,0x000000d6ea200000]
Native frames: (J=compiled Java code, j=interpreted, Vv=VM code, C=native code)
V  [jvm.dll+0x6d7a39]
V  [jvm.dll+0x8b4b26]
V  [jvm.dll+0x8b70de]
V  [jvm.dll+0x8b77c3]
V  [jvm.dll+0x284346]
V  [jvm.dll+0xc66ed]
V  [jvm.dll+0xc6c31]
V  [jvm.dll+0x2fb29e]
V  [jvm.dll+0x5fe884]
V  [jvm.dll+0x255b17]
V  [jvm.dll+0x24dc0b]
V  [jvm.dll+0x24ba42]
V  [jvm.dll+0x1cb34e]
V  [jvm.dll+0x25b85d]
V  [jvm.dll+0x259dea]
V  [jvm.dll+0x3f857e]
V  [jvm.dll+0x85f59d]
V  [jvm.dll+0x6d626d]
C  [ucrtbase.dll+0x37b0]
C  [KERNEL32.DLL+0x2e8d7]
C  [ntdll.dll+0x3c34c]


---------------  P R O C E S S  ---------------

Threads class SMR info:
_java_thread_list=0x000002ce7b793090, length=45, elements={
0x000002ce17b5dad0, 0x000002ce72ce1fd0, 0x000002ce72ce3a10, 0x000002ce72ce7840,
0x000002ce72ce85d0, 0x000002ce72cec6d0, 0x000002ce72cee2a0, 0x000002ce72cf4bc0,
0x000002ce72d124e0, 0x000002ce72f28ac0, 0x000002ce730a4470, 0x000002ce78620240,
0x000002ce78526200, 0x000002ce78526f40, 0x000002ce786ed460, 0x000002ce78b1e570,
0x000002ce78a5dd20, 0x000002ce78a5f180, 0x000002ce78bc3aa0, 0x000002ce78bc4130,
0x000002ce78bc4e50, 0x000002ce78bc2d80, 0x000002ce78bc26f0, 0x000002ce78bc3410,
0x000002ce78bc47c0, 0x000002ce78bc54e0, 0x000002ce78bc2060, 0x000002ce7a573670,
0x000002ce7a573d00, 0x000002ce7a574390, 0x000002ce7a574a20, 0x000002ce7a571c30,
0x000002ce7a5715a0, 0x000002ce7a5750b0, 0x000002ce7a575740, 0x000002ce7a572fe0,
0x000002ce7a5722c0, 0x000002ce7a575dd0, 0x000002ce7a572950, 0x000002ce7a577180,
0x000002ce7a576460, 0x000002ce7ad26a00, 0x000002ce7ae0a5b0, 0x000002ce7a577ea0,
0x000002ce7a578530
}

Java Threads: ( => current thread )
  0x000002ce17b5dad0 JavaThread "main"                              [_thread_blocked, id=34044, stack(0x000000d6e9700000,0x000000d6e9800000) (1024K)]
  0x000002ce72ce1fd0 JavaThread "Reference Handler"          daemon [_thread_blocked, id=29244, stack(0x000000d6e9b00000,0x000000d6e9c00000) (1024K)]
  0x000002ce72ce3a10 JavaThread "Finalizer"                  daemon [_thread_blocked, id=10300, stack(0x000000d6e9c00000,0x000000d6e9d00000) (1024K)]
  0x000002ce72ce7840 JavaThread "Signal Dispatcher"          daemon [_thread_blocked, id=6300, stack(0x000000d6e9d00000,0x000000d6e9e00000) (1024K)]
  0x000002ce72ce85d0 JavaThread "Attach Listener"            daemon [_thread_blocked, id=29364, stack(0x000000d6e9e00000,0x000000d6e9f00000) (1024K)]
  0x000002ce72cec6d0 JavaThread "Service Thread"             daemon [_thread_blocked, id=13768, stack(0x000000d6e9f00000,0x000000d6ea000000) (1024K)]
  0x000002ce72cee2a0 JavaThread "Monitor Deflation Thread"   daemon [_thread_blocked, id=32656, stack(0x000000d6ea000000,0x000000d6ea100000) (1024K)]
=>0x000002ce72cf4bc0 JavaThread "C2 CompilerThread0"         daemon [_thread_in_native, id=15492, stack(0x000000d6ea100000,0x000000d6ea200000) (1024K)]
  0x000002ce72d124e0 JavaThread "C1 CompilerThread0"         daemon [_thread_blocked, id=12444, stack(0x000000d6ea200000,0x000000d6ea300000) (1024K)]
  0x000002ce72f28ac0 JavaThread "Common-Cleaner"             daemon [_thread_blocked, id=31112, stack(0x000000d6ea400000,0x000000d6ea500000) (1024K)]
  0x000002ce730a4470 JavaThread "Notification Thread"        daemon [_thread_blocked, id=14672, stack(0x000000d6ea300000,0x000000d6ea400000) (1024K)]
  0x000002ce78620240 JavaThread "Active Thread: Equinox Container: e97950a1-b5bd-4a1a-8893-7de79b189d05"        [_thread_blocked, id=19696, stack(0x000000d6ea600000,0x000000d6ea700000) (1024K)]
  0x000002ce78526200 JavaThread "Framework Event Dispatcher: Equinox Container: e97950a1-b5bd-4a1a-8893-7de79b189d05" daemon [_thread_blocked, id=32044, stack(0x000000d6ead00000,0x000000d6eae00000) (1024K)]
  0x000002ce78526f40 JavaThread "Start Level: Equinox Container: e97950a1-b5bd-4a1a-8893-7de79b189d05" daemon [_thread_blocked, id=8752, stack(0x000000d6eae00000,0x000000d6eaf00000) (1024K)]
  0x000002ce786ed460 JavaThread "SCR Component Actor"        daemon [_thread_blocked, id=29988, stack(0x000000d6ea500000,0x000000d6ea600000) (1024K)]
  0x000002ce78b1e570 JavaThread "Worker-JM"                         [_thread_blocked, id=23692, stack(0x000000d6eb100000,0x000000d6eb200000) (1024K)]
  0x000002ce78a5dd20 JavaThread "JNA Cleaner"                daemon [_thread_blocked, id=25760, stack(0x000000d6eb000000,0x000000d6eb100000) (1024K)]
  0x000002ce78a5f180 JavaThread "Worker-0"                          [_thread_blocked, id=11788, stack(0x000000d6eb500000,0x000000d6eb600000) (1024K)]
  0x000002ce78bc3aa0 JavaThread "Worker-1: Building"                [_thread_blocked, id=33252, stack(0x000000d6eb600000,0x000000d6eb700000) (1024K)]
  0x000002ce78bc4130 JavaThread "Worker-2"                          [_thread_blocked, id=31508, stack(0x000000d6eb900000,0x000000d6eba00000) (1024K)]
  0x000002ce78bc4e50 JavaThread "Thread-1"                   daemon [_thread_in_native, id=36172, stack(0x000000d6ebd00000,0x000000d6ebe00000) (1024K)]
  0x000002ce78bc2d80 JavaThread "Thread-2"                   daemon [_thread_in_native, id=17508, stack(0x000000d6ebe00000,0x000000d6ebf00000) (1024K)]
  0x000002ce78bc26f0 JavaThread "Thread-3"                   daemon [_thread_in_native, id=7356, stack(0x000000d6ebf00000,0x000000d6ec000000) (1024K)]
  0x000002ce78bc3410 JavaThread "Thread-4"                   daemon [_thread_in_native, id=32424, stack(0x000000d6ec000000,0x000000d6ec100000) (1024K)]
  0x000002ce78bc47c0 JavaThread "Thread-5"                   daemon [_thread_in_native, id=25708, stack(0x000000d6ec100000,0x000000d6ec200000) (1024K)]
  0x000002ce78bc54e0 JavaThread "Thread-6"                   daemon [_thread_in_native, id=448, stack(0x000000d6ec200000,0x000000d6ec300000) (1024K)]
  0x000002ce78bc2060 JavaThread "Thread-7"                   daemon [_thread_in_native, id=16980, stack(0x000000d6ec300000,0x000000d6ec400000) (1024K)]
  0x000002ce7a573670 JavaThread "Thread-8"                   daemon [_thread_in_native, id=5960, stack(0x000000d6ec400000,0x000000d6ec500000) (1024K)]
  0x000002ce7a573d00 JavaThread "Thread-9"                   daemon [_thread_in_native, id=2608, stack(0x000000d6ec500000,0x000000d6ec600000) (1024K)]
  0x000002ce7a574390 JavaThread "Thread-10"                  daemon [_thread_in_native, id=34272, stack(0x000000d6ec600000,0x000000d6ec700000) (1024K)]
  0x000002ce7a574a20 JavaThread "Thread-11"                  daemon [_thread_in_native, id=12312, stack(0x000000d6ec700000,0x000000d6ec800000) (1024K)]
  0x000002ce7a571c30 JavaThread "Thread-12"                  daemon [_thread_in_native, id=23932, stack(0x000000d6ec800000,0x000000d6ec900000) (1024K)]
  0x000002ce7a5715a0 JavaThread "Thread-13"                  daemon [_thread_in_native, id=18736, stack(0x000000d6ec900000,0x000000d6eca00000) (1024K)]
  0x000002ce7a5750b0 JavaThread "Thread-14"                  daemon [_thread_in_native, id=15156, stack(0x000000d6eca00000,0x000000d6ecb00000) (1024K)]
  0x000002ce7a575740 JavaThread "Thread-15"                  daemon [_thread_in_native, id=28092, stack(0x000000d6ecb00000,0x000000d6ecc00000) (1024K)]
  0x000002ce7a572fe0 JavaThread "pool-2-thread-1"                   [_thread_blocked, id=8076, stack(0x000000d6ecc00000,0x000000d6ecd00000) (1024K)]
  0x000002ce7a5722c0 JavaThread "WorkspaceEventsHandler"            [_thread_blocked, id=27584, stack(0x000000d6ecd00000,0x000000d6ece00000) (1024K)]
  0x000002ce7a575dd0 JavaThread "pool-1-thread-1"                   [_thread_blocked, id=4672, stack(0x000000d6ece00000,0x000000d6ecf00000) (1024K)]
  0x000002ce7a572950 JavaThread "ForkJoinPool.commonPool-worker-1" daemon [_thread_blocked, id=20116, stack(0x000000d6ecf00000,0x000000d6ed000000) (1024K)]
  0x000002ce7a577180 JavaThread "ForkJoinPool.commonPool-worker-2" daemon [_thread_blocked, id=26016, stack(0x000000d6ed000000,0x000000d6ed100000) (1024K)]
  0x000002ce7a576460 JavaThread "Compiler Source File Reader" daemon [_thread_blocked, id=27004, stack(0x000000d6ed100000,0x000000d6ed200000) (1024K)]
  0x000002ce7ad26a00 JavaThread "C2 CompilerThread1"         daemon [_thread_blocked, id=11356, stack(0x000000d6eb700000,0x000000d6eb800000) (1024K)]
  0x000002ce7ae0a5b0 JavaThread "C2 CompilerThread2"         daemon [_thread_in_native, id=19920, stack(0x000000d6eb800000,0x000000d6eb900000) (1024K)]
  0x000002ce7a577ea0 JavaThread "Compiler Processing Task"   daemon [_thread_blocked, id=12552, stack(0x000000d6ed200000,0x000000d6ed300000) (1024K)]
  0x000002ce7a578530 JavaThread "Worker-3"                          [_thread_blocked, id=36424, stack(0x000000d6ed300000,0x000000d6ed400000) (1024K)]
Total: 45

Other Threads:
  0x000002ce17c1eb10 VMThread "VM Thread"                           [id=33604, stack(0x000000d6e9a00000,0x000000d6e9b00000) (1024K)]
  0x000002ce3043ca00 WatcherThread "VM Periodic Task Thread"        [id=18888, stack(0x000000d6e9900000,0x000000d6e9a00000) (1024K)]
  0x000002ce17b7c080 WorkerThread "GC Thread#0"                     [id=16796, stack(0x000000d6e9800000,0x000000d6e9900000) (1024K)]
  0x000002ce78666df0 WorkerThread "GC Thread#1"                     [id=24876, stack(0x000000d6ea700000,0x000000d6ea800000) (1024K)]
  0x000002ce786671a0 WorkerThread "GC Thread#2"                     [id=11820, stack(0x000000d6ea800000,0x000000d6ea900000) (1024K)]
  0x000002ce78557470 WorkerThread "GC Thread#3"                     [id=12920, stack(0x000000d6ea900000,0x000000d6eaa00000) (1024K)]
  0x000002ce7845d400 WorkerThread "GC Thread#4"                     [id=30944, stack(0x000000d6eaa00000,0x000000d6eab00000) (1024K)]
  0x000002ce7845d7b0 WorkerThread "GC Thread#5"                     [id=17632, stack(0x000000d6eab00000,0x000000d6eac00000) (1024K)]
  0x000002ce787ca8e0 WorkerThread "GC Thread#6"                     [id=32916, stack(0x000000d6eac00000,0x000000d6ead00000) (1024K)]
  0x000002ce786031b0 WorkerThread "GC Thread#7"                     [id=35440, stack(0x000000d6eaf00000,0x000000d6eb000000) (1024K)]
  0x000002ce789e7b00 WorkerThread "GC Thread#8"                     [id=4796, stack(0x000000d6eb200000,0x000000d6eb300000) (1024K)]
  0x000002ce789e7eb0 WorkerThread "GC Thread#9"                     [id=14652, stack(0x000000d6eb300000,0x000000d6eb400000) (1024K)]
  0x000002ce78ae51a0 WorkerThread "GC Thread#10"                    [id=24272, stack(0x000000d6eb400000,0x000000d6eb500000) (1024K)]
Total: 13

Threads with active compile tasks:
C2 CompilerThread0  12144 5693       4       lombok.eclipse.EclipseAST::drill (80 bytes)
C1 CompilerThread0  12145 5746   !   3       org.eclipse.jdt.internal.compiler.lookup.Scope::getBinding (1577 bytes)
C2 CompilerThread1  12145 5695       4       lombok.core.AST::buildWithField (21 bytes)
C2 CompilerThread2  12145 5538 %     4       org.lombokweb.asm.ClassReader::readCode @ 92 (5117 bytes)
Total: 4

VM state: at safepoint (normal execution)

VM Mutex/Monitor currently owned by a thread:  ([mutex/lock_event])
[0x00007ff8e520e560] Threads_lock - owner thread: 0x000002ce17c1eb10
[0x00007ff8e520e660] Heap_lock - owner thread: 0x000002ce7a577ea0

Heap address: 0x0000000080000000, size: 2048 MB, Compressed Oops mode: 32-bit

CDS archive(s) mapped at: [0x000002ce31000000-0x000002ce31ba0000-0x000002ce31ba0000), size 12189696, SharedBaseAddress: 0x000002ce31000000, ArchiveRelocationMode: 1.
Compressed class space mapped at: 0x000002ce32000000-0x000002ce72000000, reserved size: 1073741824
Narrow klass base: 0x000002ce31000000, Narrow klass shift: 0, Narrow klass range: 0x100000000

GC Precious Log:
 CardTable entry size: 512
 CPUs: 14 total, 14 available
 Memory: 23880M
 Large Page Support: Disabled
 NUMA Support: Disabled
 Compressed Oops: Enabled (32-bit)
 Alignments: Space 512K, Generation 512K, Heap 2M
 Heap Min Capacity: 100M
 Heap Initial Capacity: 100M
 Heap Max Capacity: 2G
 Pre-touch: Disabled
 Parallel Workers: 11

Heap:
 PSYoungGen      total 23552K, used 23511K [0x00000000d5580000, 0x00000000d6f00000, 0x0000000100000000)
  eden space 22016K, 100% used [0x00000000d5580000,0x00000000d6b00000,0x00000000d6b00000)
  from space 1536K, 97% used [0x00000000d6d80000,0x00000000d6ef5d18,0x00000000d6f00000)
  to   space 2048K, 26% used [0x00000000d6b00000,0x00000000d6b88000,0x00000000d6d00000)
 ParOldGen       total 68608K, used 34905K [0x0000000080000000, 0x0000000084300000, 0x00000000d5580000)
  object space 68608K, 50% used [0x0000000080000000,0x0000000082216400,0x0000000084300000)
 Metaspace       used 41181K, committed 42240K, reserved 1114112K
  class space    used 4163K, committed 4672K, reserved 1048576K

Card table byte_map: [0x000002ce2b870000,0x000002ce2bc80000] _byte_map_base: 0x000002ce2b470000

Marking Bits: (ParMarkBitMap*) 0x00007ff8e5213450
 Begin Bits: [0x000002ce2bf30000, 0x000002ce2df30000)
 End Bits:   [0x000002ce2df30000, 0x000002ce2ff30000)

Polling page: 0x000002ce17c20000

Metaspace:

Usage:
  Non-class:     36.15 MB used.
      Class:      4.07 MB used.
       Both:     40.22 MB used.

Virtual space:
  Non-class space:       64.00 MB reserved,      36.69 MB ( 57%) committed,  1 nodes.
      Class space:        1.00 GB reserved,       4.56 MB ( <1%) committed,  1 nodes.
             Both:        1.06 GB reserved,      41.25 MB (  4%) committed. 

Chunk freelists:
   Non-Class:  11.19 MB
       Class:  11.44 MB
        Both:  22.62 MB

MaxMetaspaceSize: unlimited
CompressedClassSpaceSize: 1.00 GB
Initial GC threshold: 21.00 MB
Current GC threshold: 58.38 MB
CDS: on
 - commit_granule_bytes: 65536.
 - commit_granule_words: 8192.
 - virtual_space_node_default_size: 8388608.
 - enlarge_chunks_in_place: 1.
 - use_allocation_guard: 0.


Internal statistics:

num_allocs_failed_limit: 6.
num_arena_births: 878.
num_arena_deaths: 64.
num_vsnodes_births: 2.
num_vsnodes_deaths: 0.
num_space_committed: 660.
num_space_uncommitted: 0.
num_chunks_returned_to_freelist: 87.
num_chunks_taken_from_freelist: 2711.
num_chunk_merges: 15.
num_chunk_splits: 1656.
num_chunks_enlarged: 975.
num_inconsistent_stats: 0.

CodeHeap 'non-profiled nmethods': size=120000Kb used=3179Kb max_used=3179Kb free=116820Kb
 bounds [0x000002ce24160000, 0x000002ce24480000, 0x000002ce2b690000]
CodeHeap 'profiled nmethods': size=120000Kb used=11002Kb max_used=11002Kb free=108997Kb
 bounds [0x000002ce1c690000, 0x000002ce1d150000, 0x000002ce23bc0000]
CodeHeap 'non-nmethods': size=5760Kb used=1391Kb max_used=1431Kb free=4368Kb
 bounds [0x000002ce23bc0000, 0x000002ce23e30000, 0x000002ce24160000]
CodeCache: size=245760Kb, used=15572Kb, max_used=15612Kb, free=230185Kb
 total_blobs=6024, nmethods=5330, adapters=600, full_count=0
Compilation: enabled, stopped_count=0, restarted_count=0

Compilation events (20 events):
Event: 12.074 Thread 0x000002ce72d124e0 nmethod 5736 0x000002ce1d147d10 code [0x000002ce1d147f40, 0x000002ce1d148478]
Event: 12.074 Thread 0x000002ce72d124e0 5737   !   3       org.eclipse.core.internal.resources.ProjectPreferences::initialize (117 bytes)
Event: 12.075 Thread 0x000002ce72d124e0 nmethod 5737 0x000002ce1d148710 code [0x000002ce1d1489c0, 0x000002ce1d149a20]
Event: 12.075 Thread 0x000002ce72d124e0 5738       3       org.eclipse.jdt.internal.compiler.parser.Parser::pushOnAstStack (111 bytes)
Event: 12.076 Thread 0x000002ce72d124e0 nmethod 5738 0x000002ce1d14a010 code [0x000002ce1d14a200, 0x000002ce1d14a7f8]
Event: 12.076 Thread 0x000002ce72d124e0 5739       1       org.eclipse.jdt.internal.compiler.ast.ASTNode::isThis (2 bytes)
Event: 12.076 Thread 0x000002ce72d124e0 nmethod 5739 0x000002ce2447ac10 code [0x000002ce2447ada0, 0x000002ce2447ae68]
Event: 12.076 Thread 0x000002ce72d124e0 5741       3       org.eclipse.jdt.internal.compiler.lookup.LookupEnvironment::getResolvedType (80 bytes)
Event: 12.077 Thread 0x000002ce72d124e0 nmethod 5741 0x000002ce1d14aa10 code [0x000002ce1d14ac20, 0x000002ce1d14b0a8]
Event: 12.077 Thread 0x000002ce72d124e0 5742       3       java.util.TreeMap$PrivateEntryIterator::hasNext (13 bytes)
Event: 12.078 Thread 0x000002ce72d124e0 nmethod 5742 0x000002ce1d14b310 code [0x000002ce1d14b4a0, 0x000002ce1d14b600]
Event: 12.082 Thread 0x000002ce72d124e0 5743       3       java.lang.WeakPairMap$Pair$Lookup::hashCode (12 bytes)
Event: 12.083 Thread 0x000002ce72d124e0 nmethod 5743 0x000002ce1d14b690 code [0x000002ce1d14b840, 0x000002ce1d14ba10]
Event: 12.083 Thread 0x000002ce72d124e0 5744       3       org.eclipse.jdt.internal.compiler.ast.QualifiedTypeReference::getLastToken (13 bytes)
Event: 12.083 Thread 0x000002ce72d124e0 nmethod 5744 0x000002ce1d14bb10 code [0x000002ce1d14bca0, 0x000002ce1d14bdd8]
Event: 12.084 Thread 0x000002ce72d124e0 5745       3       org.eclipse.jdt.internal.compiler.lookup.CompilationUnitScope::recordTypeReference (35 bytes)
Event: 12.084 Thread 0x000002ce72d124e0 nmethod 5745 0x000002ce1d14be90 code [0x000002ce1d14c080, 0x000002ce1d14c5f0]
Event: 12.084 Thread 0x000002ce72d124e0 5747       3       org.eclipse.jdt.internal.compiler.lookup.BlockScope::findVariable (70 bytes)
Event: 12.085 Thread 0x000002ce72d124e0 nmethod 5747 0x000002ce1d14c810 code [0x000002ce1d14c9e0, 0x000002ce1d14cd98]
Event: 12.085 Thread 0x000002ce72d124e0 5748       3       org.eclipse.jdt.internal.compiler.lookup.LookupEnvironment::askForTypeFromModules (229 bytes)

GC Heap History (20 events):
Event: 8.532 GC heap before
{Heap before GC invocations=15 (full 1):
 PSYoungGen      total 24576K, used 24119K [0x00000000d5580000, 0x00000000d7100000, 0x0000000100000000)
  eden space 22016K, 99% used [0x00000000d5580000,0x00000000d6adddd0,0x00000000d6b00000)
  from space 2560K, 87% used [0x00000000d6b00000,0x00000000d6d30010,0x00000000d6d80000)
  to   space 3072K, 0% used [0x00000000d6e00000,0x00000000d6e00000,0x00000000d7100000)
 ParOldGen       total 68608K, used 23792K [0x0000000080000000, 0x0000000084300000, 0x00000000d5580000)
  object space 68608K, 34% used [0x0000000080000000,0x000000008173c278,0x0000000084300000)
 Metaspace       used 34049K, committed 35072K, reserved 1114112K
  class space    used 3474K, committed 3968K, reserved 1048576K
}
Event: 8.540 GC heap after
{Heap after GC invocations=15 (full 1):
 PSYoungGen      total 24576K, used 2144K [0x00000000d5580000, 0x00000000d7080000, 0x0000000100000000)
  eden space 22016K, 0% used [0x00000000d5580000,0x00000000d5580000,0x00000000d6b00000)
  from space 2560K, 83% used [0x00000000d6e00000,0x00000000d7018000,0x00000000d7080000)
  to   space 2560K, 0% used [0x00000000d6b00000,0x00000000d6b00000,0x00000000d6d80000)
 ParOldGen       total 68608K, used 25760K [0x0000000080000000, 0x0000000084300000, 0x00000000d5580000)
  object space 68608K, 37% used [0x0000000080000000,0x0000000081928288,0x0000000084300000)
 Metaspace       used 34049K, committed 35072K, reserved 1114112K
  class space    used 3474K, committed 3968K, reserved 1048576K
}
Event: 8.640 GC heap before
{Heap before GC invocations=16 (full 1):
 PSYoungGen      total 24576K, used 24159K [0x00000000d5580000, 0x00000000d7080000, 0x0000000100000000)
  eden space 22016K, 99% used [0x00000000d5580000,0x00000000d6afffe8,0x00000000d6b00000)
  from space 2560K, 83% used [0x00000000d6e00000,0x00000000d7018000,0x00000000d7080000)
  to   space 2560K, 0% used [0x00000000d6b00000,0x00000000d6b00000,0x00000000d6d80000)
 ParOldGen       total 68608K, used 25760K [0x0000000080000000, 0x0000000084300000, 0x00000000d5580000)
  object space 68608K, 37% used [0x0000000080000000,0x0000000081928288,0x0000000084300000)
 Metaspace       used 34067K, committed 35072K, reserved 1114112K
  class space    used 3475K, committed 3968K, reserved 1048576K
}
Event: 8.651 GC heap after
{Heap after GC invocations=16 (full 1):
 PSYoungGen      total 24576K, used 2340K [0x00000000d5580000, 0x00000000d7000000, 0x0000000100000000)
  eden space 22016K, 0% used [0x00000000d5580000,0x00000000d5580000,0x00000000d6b00000)
  from space 2560K, 91% used [0x00000000d6b00000,0x00000000d6d49000,0x00000000d6d80000)
  to   space 2560K, 0% used [0x00000000d6d80000,0x00000000d6d80000,0x00000000d7000000)
 ParOldGen       total 68608K, used 27751K [0x0000000080000000, 0x0000000084300000, 0x00000000d5580000)
  object space 68608K, 40% used [0x0000000080000000,0x0000000081b19c38,0x0000000084300000)
 Metaspace       used 34067K, committed 35072K, reserved 1114112K
  class space    used 3475K, committed 3968K, reserved 1048576K
}
Event: 8.910 GC heap before
{Heap before GC invocations=17 (full 1):
 PSYoungGen      total 24576K, used 24356K [0x00000000d5580000, 0x00000000d7000000, 0x0000000100000000)
  eden space 22016K, 100% used [0x00000000d5580000,0x00000000d6b00000,0x00000000d6b00000)
  from space 2560K, 91% used [0x00000000d6b00000,0x00000000d6d49000,0x00000000d6d80000)
  to   space 2560K, 0% used [0x00000000d6d80000,0x00000000d6d80000,0x00000000d7000000)
 ParOldGen       total 68608K, used 27751K [0x0000000080000000, 0x0000000084300000, 0x00000000d5580000)
  object space 68608K, 40% used [0x0000000080000000,0x0000000081b19c38,0x0000000084300000)
 Metaspace       used 34188K, committed 35264K, reserved 1114112K
  class space    used 3477K, committed 3968K, reserved 1048576K
}
Event: 8.917 GC heap after
{Heap after GC invocations=17 (full 1):
 PSYoungGen      total 24576K, used 2272K [0x00000000d5580000, 0x00000000d7000000, 0x0000000100000000)
  eden space 22016K, 0% used [0x00000000d5580000,0x00000000d5580000,0x00000000d6b00000)
  from space 2560K, 88% used [0x00000000d6d80000,0x00000000d6fb8010,0x00000000d7000000)
  to   space 2560K, 0% used [0x00000000d6b00000,0x00000000d6b00000,0x00000000d6d80000)
 ParOldGen       total 68608K, used 29972K [0x0000000080000000, 0x0000000084300000, 0x00000000d5580000)
  object space 68608K, 43% used [0x0000000080000000,0x0000000081d45260,0x0000000084300000)
 Metaspace       used 34188K, committed 35264K, reserved 1114112K
  class space    used 3477K, committed 3968K, reserved 1048576K
}
Event: 9.032 GC heap before
{Heap before GC invocations=18 (full 1):
 PSYoungGen      total 24576K, used 24288K [0x00000000d5580000, 0x00000000d7000000, 0x0000000100000000)
  eden space 22016K, 100% used [0x00000000d5580000,0x00000000d6b00000,0x00000000d6b00000)
  from space 2560K, 88% used [0x00000000d6d80000,0x00000000d6fb8010,0x00000000d7000000)
  to   space 2560K, 0% used [0x00000000d6b00000,0x00000000d6b00000,0x00000000d6d80000)
 ParOldGen       total 68608K, used 29972K [0x0000000080000000, 0x0000000084300000, 0x00000000d5580000)
  object space 68608K, 43% used [0x0000000080000000,0x0000000081d45260,0x0000000084300000)
 Metaspace       used 34240K, committed 35328K, reserved 1114112K
  class space    used 3477K, committed 3968K, reserved 1048576K
}
Event: 9.037 GC heap after
{Heap after GC invocations=18 (full 1):
 PSYoungGen      total 24576K, used 2072K [0x00000000d5580000, 0x00000000d7000000, 0x0000000100000000)
  eden space 22016K, 0% used [0x00000000d5580000,0x00000000d5580000,0x00000000d6b00000)
  from space 2560K, 80% used [0x00000000d6b00000,0x00000000d6d06200,0x00000000d6d80000)
  to   space 2560K, 0% used [0x00000000d6d80000,0x00000000d6d80000,0x00000000d7000000)
 ParOldGen       total 68608K, used 32092K [0x0000000080000000, 0x0000000084300000, 0x00000000d5580000)
  object space 68608K, 46% used [0x0000000080000000,0x0000000081f57270,0x0000000084300000)
 Metaspace       used 34240K, committed 35328K, reserved 1114112K
  class space    used 3477K, committed 3968K, reserved 1048576K
}
Event: 9.241 GC heap before
{Heap before GC invocations=19 (full 1):
 PSYoungGen      total 24576K, used 9940K [0x00000000d5580000, 0x00000000d7000000, 0x0000000100000000)
  eden space 22016K, 35% used [0x00000000d5580000,0x00000000d5d2ef50,0x00000000d6b00000)
  from space 2560K, 80% used [0x00000000d6b00000,0x00000000d6d06200,0x00000000d6d80000)
  to   space 2560K, 0% used [0x00000000d6d80000,0x00000000d6d80000,0x00000000d7000000)
 ParOldGen       total 68608K, used 32092K [0x0000000080000000, 0x0000000084300000, 0x00000000d5580000)
  object space 68608K, 46% used [0x0000000080000000,0x0000000081f57270,0x0000000084300000)
 Metaspace       used 34856K, committed 35840K, reserved 1114112K
  class space    used 3553K, committed 3968K, reserved 1048576K
}
Event: 9.247 GC heap after
{Heap after GC invocations=19 (full 1):
 PSYoungGen      total 23040K, used 799K [0x00000000d5580000, 0x00000000d6e80000, 0x0000000100000000)
  eden space 22016K, 0% used [0x00000000d5580000,0x00000000d5580000,0x00000000d6b00000)
  from space 1024K, 78% used [0x00000000d6d80000,0x00000000d6e47fa0,0x00000000d6e80000)
  to   space 1536K, 0% used [0x00000000d6b80000,0x00000000d6b80000,0x00000000d6d00000)
 ParOldGen       total 68608K, used 34033K [0x0000000080000000, 0x0000000084300000, 0x00000000d5580000)
  object space 68608K, 49% used [0x0000000080000000,0x000000008213c7c8,0x0000000084300000)
 Metaspace       used 34856K, committed 35840K, reserved 1114112K
  class space    used 3553K, committed 3968K, reserved 1048576K
}
Event: 9.247 GC heap before
{Heap before GC invocations=20 (full 2):
 PSYoungGen      total 23040K, used 799K [0x00000000d5580000, 0x00000000d6e80000, 0x0000000100000000)
  eden space 22016K, 0% used [0x00000000d5580000,0x00000000d5580000,0x00000000d6b00000)
  from space 1024K, 78% used [0x00000000d6d80000,0x00000000d6e47fa0,0x00000000d6e80000)
  to   space 1536K, 0% used [0x00000000d6b80000,0x00000000d6b80000,0x00000000d6d00000)
 ParOldGen       total 68608K, used 34033K [0x0000000080000000, 0x0000000084300000, 0x00000000d5580000)
  object space 68608K, 49% used [0x0000000080000000,0x000000008213c7c8,0x0000000084300000)
 Metaspace       used 34856K, committed 35840K, reserved 1114112K
  class space    used 3553K, committed 3968K, reserved 1048576K
}
Event: 9.338 GC heap after
{Heap after GC invocations=20 (full 2):
 PSYoungGen      total 23040K, used 0K [0x00000000d5580000, 0x00000000d6e80000, 0x0000000100000000)
  eden space 22016K, 0% used [0x00000000d5580000,0x00000000d5580000,0x00000000d6b00000)
  from space 1024K, 0% used [0x00000000d6d80000,0x00000000d6d80000,0x00000000d6e80000)
  to   space 1536K, 0% used [0x00000000d6b80000,0x00000000d6b80000,0x00000000d6d00000)
 ParOldGen       total 68608K, used 32392K [0x0000000080000000, 0x0000000084300000, 0x00000000d5580000)
  object space 68608K, 47% used [0x0000000080000000,0x0000000081fa20c8,0x0000000084300000)
 Metaspace       used 34812K, committed 35840K, reserved 1114112K
  class space    used 3540K, committed 3968K, reserved 1048576K
}
Event: 10.043 GC heap before
{Heap before GC invocations=21 (full 2):
 PSYoungGen      total 23040K, used 21965K [0x00000000d5580000, 0x00000000d6e80000, 0x0000000100000000)
  eden space 22016K, 99% used [0x00000000d5580000,0x00000000d6af3538,0x00000000d6b00000)
  from space 1024K, 0% used [0x00000000d6d80000,0x00000000d6d80000,0x00000000d6e80000)
  to   space 1536K, 0% used [0x00000000d6b80000,0x00000000d6b80000,0x00000000d6d00000)
 ParOldGen       total 68608K, used 32392K [0x0000000080000000, 0x0000000084300000, 0x00000000d5580000)
  object space 68608K, 47% used [0x0000000080000000,0x0000000081fa20c8,0x0000000084300000)
 Metaspace       used 36675K, committed 37696K, reserved 1114112K
  class space    used 3720K, committed 4160K, reserved 1048576K
}
Event: 10.044 GC heap after
{Heap after GC invocations=21 (full 2):
 PSYoungGen      total 23552K, used 480K [0x00000000d5580000, 0x00000000d6e00000, 0x0000000100000000)
  eden space 22016K, 0% used [0x00000000d5580000,0x00000000d5580000,0x00000000d6b00000)
  from space 1536K, 31% used [0x00000000d6b80000,0x00000000d6bf8000,0x00000000d6d00000)
  to   space 1024K, 0% used [0x00000000d6d00000,0x00000000d6d00000,0x00000000d6e00000)
 ParOldGen       total 68608K, used 32400K [0x0000000080000000, 0x0000000084300000, 0x00000000d5580000)
  object space 68608K, 47% used [0x0000000080000000,0x0000000081fa40c8,0x0000000084300000)
 Metaspace       used 36675K, committed 37696K, reserved 1114112K
  class space    used 3720K, committed 4160K, reserved 1048576K
}
Event: 10.563 GC heap before
{Heap before GC invocations=22 (full 2):
 PSYoungGen      total 23552K, used 22496K [0x00000000d5580000, 0x00000000d6e00000, 0x0000000100000000)
  eden space 22016K, 100% used [0x00000000d5580000,0x00000000d6b00000,0x00000000d6b00000)
  from space 1536K, 31% used [0x00000000d6b80000,0x00000000d6bf8000,0x00000000d6d00000)
  to   space 1024K, 0% used [0x00000000d6d00000,0x00000000d6d00000,0x00000000d6e00000)
 ParOldGen       total 68608K, used 32400K [0x0000000080000000, 0x0000000084300000, 0x00000000d5580000)
  object space 68608K, 47% used [0x0000000080000000,0x0000000081fa40c8,0x0000000084300000)
 Metaspace       used 37904K, committed 38848K, reserved 1114112K
  class space    used 3848K, committed 4288K, reserved 1048576K
}
Event: 10.565 GC heap after
{Heap after GC invocations=22 (full 2):
 PSYoungGen      total 23040K, used 768K [0x00000000d5580000, 0x00000000d6e00000, 0x0000000100000000)
  eden space 22016K, 0% used [0x00000000d5580000,0x00000000d5580000,0x00000000d6b00000)
  from space 1024K, 75% used [0x00000000d6d00000,0x00000000d6dc0000,0x00000000d6e00000)
  to   space 1024K, 0% used [0x00000000d6c00000,0x00000000d6c00000,0x00000000d6d00000)
 ParOldGen       total 68608K, used 32728K [0x0000000080000000, 0x0000000084300000, 0x00000000d5580000)
  object space 68608K, 47% used [0x0000000080000000,0x0000000081ff60d8,0x0000000084300000)
 Metaspace       used 37904K, committed 38848K, reserved 1114112K
  class space    used 3848K, committed 4288K, reserved 1048576K
}
Event: 11.208 GC heap before
{Heap before GC invocations=23 (full 2):
 PSYoungGen      total 23040K, used 22750K [0x00000000d5580000, 0x00000000d6e00000, 0x0000000100000000)
  eden space 22016K, 99% used [0x00000000d5580000,0x00000000d6af7800,0x00000000d6b00000)
  from space 1024K, 75% used [0x00000000d6d00000,0x00000000d6dc0000,0x00000000d6e00000)
  to   space 1024K, 0% used [0x00000000d6c00000,0x00000000d6c00000,0x00000000d6d00000)
 ParOldGen       total 68608K, used 32728K [0x0000000080000000, 0x0000000084300000, 0x00000000d5580000)
  object space 68608K, 47% used [0x0000000080000000,0x0000000081ff60d8,0x0000000084300000)
 Metaspace       used 39695K, committed 40704K, reserved 1114112K
  class space    used 4034K, committed 4480K, reserved 1048576K
}
Event: 11.212 GC heap after
{Heap after GC invocations=23 (full 2):
 PSYoungGen      total 23040K, used 1015K [0x00000000d5580000, 0x00000000d7000000, 0x0000000100000000)
  eden space 22016K, 0% used [0x00000000d5580000,0x00000000d5580000,0x00000000d6b00000)
  from space 1024K, 99% used [0x00000000d6c00000,0x00000000d6cfdc00,0x00000000d6d00000)
  to   space 2560K, 0% used [0x00000000d6d80000,0x00000000d6d80000,0x00000000d7000000)
 ParOldGen       total 68608K, used 33818K [0x0000000080000000, 0x0000000084300000, 0x00000000d5580000)
  object space 68608K, 49% used [0x0000000080000000,0x0000000082106ae0,0x0000000084300000)
 Metaspace       used 39695K, committed 40704K, reserved 1114112K
  class space    used 4034K, committed 4480K, reserved 1048576K
}
Event: 11.590 GC heap before
{Heap before GC invocations=24 (full 2):
 PSYoungGen      total 23040K, used 22960K [0x00000000d5580000, 0x00000000d7000000, 0x0000000100000000)
  eden space 22016K, 99% used [0x00000000d5580000,0x00000000d6aee560,0x00000000d6b00000)
  from space 1024K, 99% used [0x00000000d6c00000,0x00000000d6cfdc00,0x00000000d6d00000)
  to   space 2560K, 0% used [0x00000000d6d80000,0x00000000d6d80000,0x00000000d7000000)
 ParOldGen       total 68608K, used 33818K [0x0000000080000000, 0x0000000084300000, 0x00000000d5580000)
  object space 68608K, 49% used [0x0000000080000000,0x0000000082106ae0,0x0000000084300000)
 Metaspace       used 39889K, committed 40960K, reserved 1114112K
  class space    used 4050K, committed 4544K, reserved 1048576K
}
Event: 11.595 GC heap after
{Heap after GC invocations=24 (full 2):
 PSYoungGen      total 23552K, used 1495K [0x00000000d5580000, 0x00000000d6f00000, 0x0000000100000000)
  eden space 22016K, 0% used [0x00000000d5580000,0x00000000d5580000,0x00000000d6b00000)
  from space 1536K, 97% used [0x00000000d6d80000,0x00000000d6ef5d18,0x00000000d6f00000)
  to   space 2048K, 0% used [0x00000000d6b00000,0x00000000d6b00000,0x00000000d6d00000)
 ParOldGen       total 68608K, used 34809K [0x0000000080000000, 0x0000000084300000, 0x00000000d5580000)
  object space 68608K, 50% used [0x0000000080000000,0x00000000821fe400,0x0000000084300000)
 Metaspace       used 39889K, committed 40960K, reserved 1114112K
  class space    used 4050K, committed 4544K, reserved 1048576K
}

Dll operation events (10 events):
Event: 0.015 Loaded shared library c:\Users\USER\.vscode\extensions\redhat.java-1.54.0-win32-x64\jre\21.0.10-win32-x86_64\bin\java.dll
Event: 0.128 Loaded shared library c:\Users\USER\.vscode\extensions\redhat.java-1.54.0-win32-x64\jre\21.0.10-win32-x86_64\bin\zip.dll
Event: 0.161 Loaded shared library C:\Users\USER\.vscode\extensions\redhat.java-1.54.0-win32-x64\jre\21.0.10-win32-x86_64\bin\instrument.dll
Event: 0.171 Loaded shared library C:\Users\USER\.vscode\extensions\redhat.java-1.54.0-win32-x64\jre\21.0.10-win32-x86_64\bin\net.dll
Event: 0.176 Loaded shared library C:\Users\USER\.vscode\extensions\redhat.java-1.54.0-win32-x64\jre\21.0.10-win32-x86_64\bin\nio.dll
Event: 0.182 Loaded shared library C:\Users\USER\.vscode\extensions\redhat.java-1.54.0-win32-x64\jre\21.0.10-win32-x86_64\bin\zip.dll
Event: 0.215 Loaded shared library C:\Users\USER\.vscode\extensions\redhat.java-1.54.0-win32-x64\jre\21.0.10-win32-x86_64\bin\jimage.dll
Event: 0.375 Loaded shared library c:\Users\USER\.vscode\extensions\redhat.java-1.54.0-win32-x64\jre\21.0.10-win32-x86_64\bin\verify.dll
Event: 2.764 Loaded shared library C:\Users\USER\AppData\Roaming\Code\User\globalStorage\redhat.java\1.54.0\config_ss_win\org.eclipse.equinox.launcher\org.eclipse.equinox.launcher.win32.win32.x86_64_1.3.0.v20260203-2149\eclipse_11919.dll
Event: 4.562 Loaded shared library C:\Users\USER\AppData\Local\Temp\jna-2614219\jna9021808580554757808.dll

Deoptimization events (20 events):
Event: 11.690 Thread 0x000002ce7a575dd0 DEOPT PACKING pc=0x000002ce1cbcc5f9 sp=0x000000d6ecef9c10
Event: 11.690 Thread 0x000002ce7a575dd0 DEOPT UNPACKING pc=0x000002ce23c14242 sp=0x000000d6ecef91b8 mode 0
Event: 11.709 Thread 0x000002ce7a575dd0 DEOPT PACKING pc=0x000002ce1cbcc5f9 sp=0x000000d6ecef9c10
Event: 11.709 Thread 0x000002ce7a575dd0 DEOPT UNPACKING pc=0x000002ce23c14242 sp=0x000000d6ecef91b8 mode 0
Event: 11.924 Thread 0x000002ce7a575dd0 Uncommon trap: trap_request=0xffffff45 fr.pc=0x000002ce241b3150 relative=0x00000000000003f0
Event: 11.924 Thread 0x000002ce7a575dd0 Uncommon trap: reason=unstable_if action=reinterpret pc=0x000002ce241b3150 method=java.util.IdentityHashMap.maskNull(Ljava/lang/Object;)Ljava/lang/Object; @ 1 c2
Event: 11.924 Thread 0x000002ce7a575dd0 DEOPT PACKING pc=0x000002ce241b3150 sp=0x000000d6ecefc1a0
Event: 11.924 Thread 0x000002ce7a575dd0 DEOPT UNPACKING pc=0x000002ce23c13aa2 sp=0x000000d6ecefc0d8 mode 2
Event: 11.925 Thread 0x000002ce7a575dd0 Uncommon trap: trap_request=0xffffff45 fr.pc=0x000002ce241b1de4 relative=0x0000000000000044
Event: 11.925 Thread 0x000002ce7a575dd0 Uncommon trap: reason=unstable_if action=reinterpret pc=0x000002ce241b1de4 method=java.util.IdentityHashMap.maskNull(Ljava/lang/Object;)Ljava/lang/Object; @ 1 c2
Event: 11.925 Thread 0x000002ce7a575dd0 DEOPT PACKING pc=0x000002ce241b1de4 sp=0x000000d6ecefc2c0
Event: 11.925 Thread 0x000002ce7a575dd0 DEOPT UNPACKING pc=0x000002ce23c13aa2 sp=0x000000d6ecefc260 mode 2
Event: 12.075 Thread 0x000002ce7a575dd0 Uncommon trap: trap_request=0xfffffff4 fr.pc=0x000002ce241930c8 relative=0x0000000000000228
Event: 12.076 Thread 0x000002ce7a575dd0 Uncommon trap: reason=null_check action=make_not_entrant pc=0x000002ce241930c8 method=lombok.core.configuration.FileSystemSourceCache.ensureContent(Llombok/core/configuration/ConfigurationFile;)Llombok/core/configuration/FileSystemSourceCache$Content; @ 1
Event: 12.076 Thread 0x000002ce7a575dd0 DEOPT PACKING pc=0x000002ce241930c8 sp=0x000000d6ecefd6f0
Event: 12.076 Thread 0x000002ce7a575dd0 DEOPT UNPACKING pc=0x000002ce23c13aa2 sp=0x000000d6ecefd628 mode 2
Event: 12.077 Thread 0x000002ce7a575dd0 Uncommon trap: trap_request=0xffffff45 fr.pc=0x000002ce242eb3e8 relative=0x0000000000000168
Event: 12.077 Thread 0x000002ce7a575dd0 Uncommon trap: reason=unstable_if action=reinterpret pc=0x000002ce242eb3e8 method=java.util.WeakHashMap.expungeStaleEntries()V @ 9 c2
Event: 12.077 Thread 0x000002ce7a575dd0 DEOPT PACKING pc=0x000002ce242eb3e8 sp=0x000000d6ecefd140
Event: 12.077 Thread 0x000002ce7a575dd0 DEOPT UNPACKING pc=0x000002ce23c13aa2 sp=0x000000d6ecefd0b8 mode 2

Classes loaded (20 events):
Event: 10.720 Loading class java/util/stream/ReduceOps$4ReducingSink
Event: 10.720 Loading class java/util/stream/ReduceOps$4ReducingSink done
Event: 10.723 Loading class java/nio/file/Files$2
Event: 10.723 Loading class java/nio/file/Files$2 done
Event: 10.736 Loading class java/util/Hashtable$ValueCollection
Event: 10.736 Loading class java/util/Hashtable$ValueCollection done
Event: 10.827 Loading class java/util/concurrent/ArrayBlockingQueue
Event: 10.828 Loading class java/util/concurrent/ArrayBlockingQueue done
Event: 11.062 Loading class java/util/stream/ReferencePipeline$4
Event: 11.062 Loading class java/util/stream/ReferencePipeline$4 done
Event: 11.065 Loading class java/util/stream/Nodes$IntFixedNodeBuilder
Event: 11.066 Loading class java/util/stream/Node$Builder$OfInt
Event: 11.066 Loading class java/util/stream/Node$Builder$OfInt done
Event: 11.066 Loading class java/util/stream/Nodes$IntArrayNode
Event: 11.071 Loading class java/util/stream/Nodes$IntArrayNode done
Event: 11.071 Loading class java/util/stream/Nodes$IntFixedNodeBuilder done
Event: 11.071 Loading class java/util/stream/ReferencePipeline$4$1
Event: 11.072 Loading class java/util/stream/ReferencePipeline$4$1 done
Event: 11.074 Loading class java/lang/StringLatin1$LinesSpliterator
Event: 11.075 Loading class java/lang/StringLatin1$LinesSpliterator done

Classes unloaded (20 events):
Event: 9.271 Thread 0x000002ce17c1eb10 Unloading class 0x000002ce323cd800 'java/lang/invoke/LambdaForm$MH+0x000002ce323cd800'
Event: 9.271 Thread 0x000002ce17c1eb10 Unloading class 0x000002ce323cd000 'java/lang/invoke/LambdaForm$MH+0x000002ce323cd000'
Event: 9.271 Thread 0x000002ce17c1eb10 Unloading class 0x000002ce323ccc00 'java/lang/invoke/LambdaForm$DMH+0x000002ce323ccc00'
Event: 9.271 Thread 0x000002ce17c1eb10 Unloading class 0x000002ce323cc000 'java/lang/invoke/LambdaForm$MH+0x000002ce323cc000'
Event: 9.271 Thread 0x000002ce17c1eb10 Unloading class 0x000002ce323cb800 'java/lang/invoke/LambdaForm$MH+0x000002ce323cb800'
Event: 9.271 Thread 0x000002ce17c1eb10 Unloading class 0x000002ce323cb000 'java/lang/invoke/LambdaForm$MH+0x000002ce323cb000'
Event: 9.271 Thread 0x000002ce17c1eb10 Unloading class 0x000002ce323cac00 'java/lang/invoke/LambdaForm$DMH+0x000002ce323cac00'
Event: 9.271 Thread 0x000002ce17c1eb10 Unloading class 0x000002ce323ca000 'java/lang/invoke/LambdaForm$MH+0x000002ce323ca000'
Event: 9.271 Thread 0x000002ce17c1eb10 Unloading class 0x000002ce323c9800 'java/lang/invoke/LambdaForm$MH+0x000002ce323c9800'
Event: 9.271 Thread 0x000002ce17c1eb10 Unloading class 0x000002ce323b5c00 'java/lang/invoke/LambdaForm$MH+0x000002ce323b5c00'
Event: 9.271 Thread 0x000002ce17c1eb10 Unloading class 0x000002ce323b5000 'java/lang/invoke/LambdaForm$MH+0x000002ce323b5000'
Event: 9.271 Thread 0x000002ce17c1eb10 Unloading class 0x000002ce323b4800 'java/lang/invoke/LambdaForm$MH+0x000002ce323b4800'
Event: 9.271 Thread 0x000002ce17c1eb10 Unloading class 0x000002ce323b4000 'java/lang/invoke/LambdaForm$MH+0x000002ce323b4000'
Event: 9.271 Thread 0x000002ce17c1eb10 Unloading class 0x000002ce323b0000 'java/lang/invoke/LambdaForm$MH+0x000002ce323b0000'
Event: 9.271 Thread 0x000002ce17c1eb10 Unloading class 0x000002ce323af800 'java/lang/invoke/LambdaForm$MH+0x000002ce323af800'
Event: 9.271 Thread 0x000002ce17c1eb10 Unloading class 0x000002ce323af000 'java/lang/invoke/LambdaForm$MH+0x000002ce323af000'
Event: 9.271 Thread 0x000002ce17c1eb10 Unloading class 0x000002ce323ae800 'java/lang/invoke/LambdaForm$MH+0x000002ce323ae800'
Event: 9.271 Thread 0x000002ce17c1eb10 Unloading class 0x000002ce323ae000 'java/lang/invoke/LambdaForm$MH+0x000002ce323ae000'
Event: 9.271 Thread 0x000002ce17c1eb10 Unloading class 0x000002ce323ad800 'java/lang/invoke/LambdaForm$MH+0x000002ce323ad800'
Event: 9.271 Thread 0x000002ce17c1eb10 Unloading class 0x000002ce323ad000 'java/lang/invoke/LambdaForm$MH+0x000002ce323ad000'

Classes redefined (0 events):
No events

Internal exceptions (20 events):
Event: 8.259 Thread 0x000002ce7a575dd0 Exception <a 'java/lang/NoSuchMethodError'{0x00000000d5efcd78}: 'int java.lang.invoke.DirectMethodHandle$Holder.invokeSpecial(java.lang.Object, java.lang.Object, java.lang.Object, java.lang.Object)'> (0x00000000d5efcd78) 
thrown [s\src\hotspot\share\interpreter\linkResolver.cpp, line 773]
Event: 8.262 Thread 0x000002ce7a575dd0 Exception <a 'java/lang/NoSuchMethodError'{0x00000000d684ad48}: 'java.lang.Object java.lang.invoke.DirectMethodHandle$Holder.invokeStatic(java.lang.Object, int, java.lang.Object, java.lang.Object)'> (0x00000000d684ad48) 
thrown [s\src\hotspot\share\interpreter\linkResolver.cpp, line 773]
Event: 8.262 Thread 0x000002ce7a572950 Exception <a 'java/lang/NoSuchMethodError'{0x00000000d6863b20}: 'java.lang.Object java.lang.invoke.DirectMethodHandle$Holder.invokeStatic(java.lang.Object, int, java.lang.Object, java.lang.Object)'> (0x00000000d6863b20) 
thrown [s\src\hotspot\share\interpreter\linkResolver.cpp, line 773]
Event: 8.263 Thread 0x000002ce7a572950 Exception <a 'java/lang/NoSuchMethodError'{0x00000000d68675d0}: 'java.lang.Object java.lang.invoke.DelegatingMethodHandle$Holder.delegate(java.lang.Object, int, java.lang.Object, java.lang.Object)'> (0x00000000d68675d0) 
thrown [s\src\hotspot\share\interpreter\linkResolver.cpp, line 773]
Event: 8.263 Thread 0x000002ce7a575dd0 Exception <a 'java/lang/NoSuchMethodError'{0x00000000d684e600}: 'java.lang.Object java.lang.invoke.DelegatingMethodHandle$Holder.delegate(java.lang.Object, int, java.lang.Object, java.lang.Object)'> (0x00000000d684e600) 
thrown [s\src\hotspot\share\interpreter\linkResolver.cpp, line 773]
Event: 8.266 Thread 0x000002ce7a572950 Implicit null exception at 0x000002ce24349476 to 0x000002ce243497ac
Event: 8.266 Thread 0x000002ce7a575dd0 Implicit null exception at 0x000002ce24349476 to 0x000002ce243497ac
Event: 8.269 Thread 0x000002ce78bc3aa0 Exception <a 'java/lang/NoSuchMethodError'{0x00000000d68dbbc0}: 'int java.lang.invoke.Invokers$Holder.linkToTargetMethod(java.lang.Object, java.lang.Object, java.lang.Object)'> (0x00000000d68dbbc0) 
thrown [s\src\hotspot\share\interpreter\linkResolver.cpp, line 773]
Event: 8.269 Thread 0x000002ce7a572950 Exception <a 'java/lang/NoSuchMethodError'{0x00000000d68cc828}: 'int java.lang.invoke.Invokers$Holder.linkToTargetMethod(java.lang.Object, java.lang.Object, java.lang.Object)'> (0x00000000d68cc828) 
thrown [s\src\hotspot\share\interpreter\linkResolver.cpp, line 773]
Event: 8.269 Thread 0x000002ce7a575dd0 Exception <a 'java/lang/NoSuchMethodError'{0x00000000d68b02c0}: 'int java.lang.invoke.Invokers$Holder.linkToTargetMethod(java.lang.Object, java.lang.Object, java.lang.Object)'> (0x00000000d68b02c0) 
thrown [s\src\hotspot\share\interpreter\linkResolver.cpp, line 773]
Event: 10.163 Thread 0x000002ce7a575dd0 Implicit null exception at 0x000002ce241dad9d to 0x000002ce241db884
Event: 10.575 Thread 0x000002ce78bc3aa0 Exception <a 'java/lang/NoSuchMethodError'{0x00000000d55fa580}: 'java.lang.Object java.lang.invoke.DirectMethodHandle$Holder.invokeStatic(java.lang.Object, java.lang.Object, int, int)'> (0x00000000d55fa580) 
thrown [s\src\hotspot\share\interpreter\linkResolver.cpp, line 773]
Event: 10.575 Thread 0x000002ce7a575dd0 Exception <a 'java/lang/NoSuchMethodError'{0x00000000d55b4af0}: 'java.lang.Object java.lang.invoke.DirectMethodHandle$Holder.invokeStatic(java.lang.Object, java.lang.Object, int, int)'> (0x00000000d55b4af0) 
thrown [s\src\hotspot\share\interpreter\linkResolver.cpp, line 773]
Event: 10.576 Thread 0x000002ce78bc3aa0 Exception <a 'java/lang/NoSuchMethodError'{0x00000000d55fe980}: 'java.lang.Object java.lang.invoke.DirectMethodHandle$Holder.invokeSpecial(java.lang.Object, java.lang.Object, java.lang.Object, int, int)'> (0x00000000d55fe980) 
thrown [s\src\hotspot\share\interpreter\linkResolver.cpp, line 773]
Event: 10.576 Thread 0x000002ce7a575dd0 Exception <a 'java/lang/NoSuchMethodError'{0x00000000d56072a8}: 'java.lang.Object java.lang.invoke.DirectMethodHandle$Holder.invokeSpecial(java.lang.Object, java.lang.Object, java.lang.Object, int, int)'> (0x00000000d56072a8) 
thrown [s\src\hotspot\share\interpreter\linkResolver.cpp, line 773]
Event: 10.726 Thread 0x000002ce78bc3aa0 Exception <a 'java/lang/NoSuchMethodError'{0x00000000d5c89de0}: 'int java.lang.invoke.DirectMethodHandle$Holder.invokeSpecialIFC(java.lang.Object, java.lang.Object, java.lang.Object)'> (0x00000000d5c89de0) 
thrown [s\src\hotspot\share\interpreter\linkResolver.cpp, line 773]
Event: 11.055 Thread 0x000002ce7a575dd0 Implicit null exception at 0x000002ce241b7ecb to 0x000002ce241b8069
Event: 11.076 Thread 0x000002ce7a575dd0 Exception <a 'java/lang/NoSuchMethodError'{0x00000000d68ead98}: 'java.lang.Object java.lang.invoke.DirectMethodHandle$Holder.invokeStatic(java.lang.Object, int, java.lang.Object)'> (0x00000000d68ead98) 
thrown [s\src\hotspot\share\interpreter\linkResolver.cpp, line 773]
Event: 11.382 Thread 0x000002ce78bc4130 Exception <a 'java/lang/NoSuchMethodError'{0x00000000d6280ca8}: 'java.lang.Object java.lang.invoke.DirectMethodHandle$Holder.invokeSpecial(java.lang.Object, java.lang.Object, int, long)'> (0x00000000d6280ca8) 
thrown [s\src\hotspot\share\interpreter\linkResolver.cpp, line 773]
Event: 11.924 Thread 0x000002ce7a575dd0 Implicit null exception at 0x000002ce241b2da3 to 0x000002ce241b313c

ZGC Phase Switch (0 events):
No events

VM Operations (20 events):
Event: 9.206 Executing non-safepoint VM operation: HandshakeAllThreads (Deoptimize)
Event: 9.206 Executing non-safepoint VM operation: HandshakeAllThreads (Deoptimize) done
Event: 9.241 Executing safepoint VM operation: CollectForMetadataAllocation (Metadata GC Threshold)
Event: 9.338 Executing safepoint VM operation: CollectForMetadataAllocation (Metadata GC Threshold) done
Event: 10.042 Executing safepoint VM operation: ParallelGCFailedAllocation (Allocation Failure)
Event: 10.045 Executing safepoint VM operation: ParallelGCFailedAllocation (Allocation Failure) done
Event: 10.563 Executing safepoint VM operation: ParallelGCFailedAllocation (Allocation Failure)
Event: 10.565 Executing safepoint VM operation: ParallelGCFailedAllocation (Allocation Failure) done
Event: 10.824 Executing non-safepoint VM operation: HandshakeAllThreads (Deoptimize)
Event: 10.824 Executing non-safepoint VM operation: HandshakeAllThreads (Deoptimize) done
Event: 10.877 Executing non-safepoint VM operation: HandshakeAllThreads (Deoptimize)
Event: 10.877 Executing non-safepoint VM operation: HandshakeAllThreads (Deoptimize) done
Event: 10.947 Executing safepoint VM operation: ICBufferFull
Event: 10.947 Executing safepoint VM operation: ICBufferFull done
Event: 11.045 Executing non-safepoint VM operation: HandshakeAllThreads (Deoptimize)
Event: 11.045 Executing non-safepoint VM operation: HandshakeAllThreads (Deoptimize) done
Event: 11.208 Executing safepoint VM operation: ParallelGCFailedAllocation (Allocation Failure)
Event: 11.212 Executing safepoint VM operation: ParallelGCFailedAllocation (Allocation Failure) done
Event: 11.590 Executing safepoint VM operation: ParallelGCFailedAllocation (Allocation Failure)
Event: 11.595 Executing safepoint VM operation: ParallelGCFailedAllocation (Allocation Failure) done

Memory protections (0 events):
No events

Nmethod flushes (20 events):
Event: 9.288 Thread 0x000002ce17c1eb10 flushing  nmethod 0x000002ce1ca66690
Event: 9.288 Thread 0x000002ce17c1eb10 flushing  nmethod 0x000002ce1cac4610
Event: 9.288 Thread 0x000002ce17c1eb10 flushing  nmethod 0x000002ce1cae2090
Event: 9.288 Thread 0x000002ce17c1eb10 flushing  nmethod 0x000002ce1cae2a90
Event: 9.288 Thread 0x000002ce17c1eb10 flushing  nmethod 0x000002ce1cae9590
Event: 9.288 Thread 0x000002ce17c1eb10 flushing  nmethod 0x000002ce1caeb290
Event: 9.288 Thread 0x000002ce17c1eb10 flushing  nmethod 0x000002ce1cb07610
Event: 9.288 Thread 0x000002ce17c1eb10 flushing  nmethod 0x000002ce1cb07a90
Event: 9.288 Thread 0x000002ce17c1eb10 flushing  nmethod 0x000002ce1cb10f90
Event: 9.288 Thread 0x000002ce17c1eb10 flushing  nmethod 0x000002ce1cb14010
Event: 9.288 Thread 0x000002ce17c1eb10 flushing  nmethod 0x000002ce1cb2bd10
Event: 9.288 Thread 0x000002ce17c1eb10 flushing  nmethod 0x000002ce1cb3a790
Event: 9.288 Thread 0x000002ce17c1eb10 flushing  nmethod 0x000002ce1cb3e210
Event: 9.288 Thread 0x000002ce17c1eb10 flushing  nmethod 0x000002ce1cb3eb90
Event: 9.288 Thread 0x000002ce17c1eb10 flushing  nmethod 0x000002ce1cb76490
Event: 9.288 Thread 0x000002ce17c1eb10 flushing  nmethod 0x000002ce1cb76890
Event: 9.288 Thread 0x000002ce17c1eb10 flushing  nmethod 0x000002ce1cb77210
Event: 9.288 Thread 0x000002ce17c1eb10 flushing  nmethod 0x000002ce1cb7f790
Event: 9.288 Thread 0x000002ce17c1eb10 flushing  nmethod 0x000002ce1cb87e90
Event: 9.288 Thread 0x000002ce17c1eb10 flushing  nmethod 0x000002ce1cb89810

Events (20 events):
Event: 6.659 Thread 0x000002ce17b5dad0 Thread added: 0x000002ce7a573670
Event: 6.659 Thread 0x000002ce17b5dad0 Thread added: 0x000002ce7a573d00
Event: 6.660 Thread 0x000002ce17b5dad0 Thread added: 0x000002ce7a574390
Event: 6.660 Thread 0x000002ce17b5dad0 Thread added: 0x000002ce7a574a20
Event: 6.660 Thread 0x000002ce17b5dad0 Thread added: 0x000002ce7a571c30
Event: 6.660 Thread 0x000002ce17b5dad0 Thread added: 0x000002ce7a5715a0
Event: 6.660 Thread 0x000002ce17b5dad0 Thread added: 0x000002ce7a5750b0
Event: 6.660 Thread 0x000002ce17b5dad0 Thread added: 0x000002ce7a575740
Event: 6.736 Thread 0x000002ce17b5dad0 Thread added: 0x000002ce7a572fe0
Event: 7.061 Thread 0x000002ce17b5dad0 Thread added: 0x000002ce7a5722c0
Event: 7.061 Thread 0x000002ce17b5dad0 Thread added: 0x000002ce7a575dd0
Event: 7.660 Thread 0x000002ce7a575dd0 Thread added: 0x000002ce7a572950
Event: 7.664 Thread 0x000002ce7a575dd0 Thread added: 0x000002ce7a577180
Event: 9.432 Thread 0x000002ce78bc3aa0 Thread added: 0x000002ce7a576460
Event: 9.652 Thread 0x000002ce72d9dd20 Thread exited: 0x000002ce72d9dd20
Event: 9.725 Thread 0x000002ce78bc6020 Thread exited: 0x000002ce78bc6020
Event: 10.485 Thread 0x000002ce72d124e0 Thread added: 0x000002ce7ad26a00
Event: 10.492 Thread 0x000002ce72d124e0 Thread added: 0x000002ce7ae0a5b0
Event: 10.829 Thread 0x000002ce78bc3aa0 Thread added: 0x000002ce7a577ea0
Event: 12.061 Thread 0x000002ce78a5f180 Thread added: 0x000002ce7a578530


Dynamic libraries:
0x00007ff632f80000 - 0x00007ff632f8e000 	c:\Users\USER\.vscode\extensions\redhat.java-1.54.0-win32-x64\jre\21.0.10-win32-x86_64\bin\java.exe
0x00007ff94c200000 - 0x00007ff94c468000 	C:\WINDOWS\SYSTEM32\ntdll.dll
0x00007ff94b880000 - 0x00007ff94b949000 	C:\WINDOWS\System32\KERNEL32.DLL
0x00007ff949350000 - 0x00007ff94973d000 	C:\WINDOWS\System32\KERNELBASE.dll
0x00007ff949ad0000 - 0x00007ff949c1b000 	C:\WINDOWS\System32\ucrtbase.dll
0x00007ff945af0000 - 0x00007ff945b08000 	c:\Users\USER\.vscode\extensions\redhat.java-1.54.0-win32-x64\jre\21.0.10-win32-x86_64\bin\jli.dll
0x00007ff945ad0000 - 0x00007ff945aee000 	c:\Users\USER\.vscode\extensions\redhat.java-1.54.0-win32-x64\jre\21.0.10-win32-x86_64\bin\VCRUNTIME140.dll
0x00007ff94a250000 - 0x00007ff94a41c000 	C:\WINDOWS\System32\USER32.dll
0x00007ff949d60000 - 0x00007ff949d87000 	C:\WINDOWS\System32\win32u.dll
0x00007ff9202b0000 - 0x00007ff92054a000 	C:\WINDOWS\WinSxS\amd64_microsoft.windows.common-controls_6595b64144ccf1df_6.0.26100.4484_none_3e0e6d4ce32ef3b3\COMCTL32.dll
0x00007ff94b950000 - 0x00007ff94b97b000 	C:\WINDOWS\System32\GDI32.dll
0x00007ff949c20000 - 0x00007ff949d57000 	C:\WINDOWS\System32\gdi32full.dll
0x00007ff94a020000 - 0x00007ff94a0c9000 	C:\WINDOWS\System32\msvcrt.dll
0x00007ff949800000 - 0x00007ff9498a3000 	C:\WINDOWS\System32\msvcp_win.dll
0x00007ff94b6d0000 - 0x00007ff94b6ff000 	C:\WINDOWS\System32\IMM32.DLL
0x00007ff945ac0000 - 0x00007ff945acc000 	c:\Users\USER\.vscode\extensions\redhat.java-1.54.0-win32-x64\jre\21.0.10-win32-x86_64\bin\vcruntime140_1.dll
0x00007ff91a3c0000 - 0x00007ff91a44d000 	c:\Users\USER\.vscode\extensions\redhat.java-1.54.0-win32-x64\jre\21.0.10-win32-x86_64\bin\msvcp140.dll
0x00007ff8e4550000 - 0x00007ff8e52f1000 	c:\Users\USER\.vscode\extensions\redhat.java-1.54.0-win32-x64\jre\21.0.10-win32-x86_64\bin\server\jvm.dll
0x00007ff94ab80000 - 0x00007ff94ac34000 	C:\WINDOWS\System32\ADVAPI32.dll
0x00007ff94c100000 - 0x00007ff94c1a6000 	C:\WINDOWS\System32\sechost.dll
0x00007ff94a130000 - 0x00007ff94a248000 	C:\WINDOWS\System32\RPCRT4.dll
0x00007ff94be10000 - 0x00007ff94be84000 	C:\WINDOWS\System32\WS2_32.dll
0x00007ff948bb0000 - 0x00007ff948c0e000 	C:\WINDOWS\SYSTEM32\POWRPROF.dll
0x00007ff929610000 - 0x00007ff92961b000 	C:\WINDOWS\SYSTEM32\VERSION.dll
0x00007ff943340000 - 0x00007ff943375000 	C:\WINDOWS\SYSTEM32\WINMM.dll
0x00007ff948b90000 - 0x00007ff948ba4000 	C:\WINDOWS\SYSTEM32\UMPDC.dll
0x00007ff9480c0000 - 0x00007ff9480db000 	C:\WINDOWS\SYSTEM32\kernel.appcore.dll
0x00007ff945ab0000 - 0x00007ff945aba000 	c:\Users\USER\.vscode\extensions\redhat.java-1.54.0-win32-x64\jre\21.0.10-win32-x86_64\bin\jimage.dll
0x00007ff946970000 - 0x00007ff946bb1000 	C:\WINDOWS\SYSTEM32\DBGHELP.DLL
0x00007ff94b980000 - 0x00007ff94bd06000 	C:\WINDOWS\System32\combase.dll
0x00007ff94b5e0000 - 0x00007ff94b6c0000 	C:\WINDOWS\System32\OLEAUT32.dll
0x00007ff928830000 - 0x00007ff928873000 	C:\WINDOWS\SYSTEM32\dbgcore.DLL
0x00007ff949a30000 - 0x00007ff949ac9000 	C:\WINDOWS\System32\bcryptPrimitives.dll
0x00007ff945aa0000 - 0x00007ff945aaf000 	c:\Users\USER\.vscode\extensions\redhat.java-1.54.0-win32-x64\jre\21.0.10-win32-x86_64\bin\instrument.dll
0x00007ff920670000 - 0x00007ff920690000 	c:\Users\USER\.vscode\extensions\redhat.java-1.54.0-win32-x64\jre\21.0.10-win32-x86_64\bin\java.dll
0x00007ff94a430000 - 0x00007ff94ab7a000 	C:\WINDOWS\System32\SHELL32.dll
0x00007ff9498b0000 - 0x00007ff949a24000 	C:\WINDOWS\System32\wintypes.dll
0x00007ff946f60000 - 0x00007ff9477bb000 	C:\WINDOWS\SYSTEM32\windows.storage.dll
0x00007ff94bd10000 - 0x00007ff94be05000 	C:\WINDOWS\System32\SHCORE.dll
0x00007ff94b1b0000 - 0x00007ff94b21a000 	C:\WINDOWS\System32\shlwapi.dll
0x00007ff949260000 - 0x00007ff94928f000 	C:\WINDOWS\SYSTEM32\profapi.dll
0x00007ff919800000 - 0x00007ff919818000 	c:\Users\USER\.vscode\extensions\redhat.java-1.54.0-win32-x64\jre\21.0.10-win32-x86_64\bin\zip.dll
0x00007ff91a3b0000 - 0x00007ff91a3c0000 	C:\Users\USER\.vscode\extensions\redhat.java-1.54.0-win32-x64\jre\21.0.10-win32-x86_64\bin\net.dll
0x00007ff942880000 - 0x00007ff94299e000 	C:\WINDOWS\SYSTEM32\WINHTTP.dll
0x00007ff948620000 - 0x00007ff94868a000 	C:\WINDOWS\system32\mswsock.dll
0x00007ff9194c0000 - 0x00007ff9194d6000 	C:\Users\USER\.vscode\extensions\redhat.java-1.54.0-win32-x64\jre\21.0.10-win32-x86_64\bin\nio.dll
0x00007ff9197f0000 - 0x00007ff919800000 	c:\Users\USER\.vscode\extensions\redhat.java-1.54.0-win32-x64\jre\21.0.10-win32-x86_64\bin\verify.dll
0x00007ff91aba0000 - 0x00007ff91abe5000 	C:\Users\USER\AppData\Roaming\Code\User\globalStorage\redhat.java\1.54.0\config_ss_win\org.eclipse.equinox.launcher\org.eclipse.equinox.launcher.win32.win32.x86_64_1.3.0.v20260203-2149\eclipse_11919.dll
0x00007ff94b410000 - 0x00007ff94b5ae000 	C:\WINDOWS\System32\ole32.dll
0x00007ff948a00000 - 0x00007ff948a1b000 	C:\WINDOWS\SYSTEM32\CRYPTSP.dll
0x00007ff948020000 - 0x00007ff94805a000 	C:\WINDOWS\system32\rsaenh.dll
0x00007ff9486c0000 - 0x00007ff9486eb000 	C:\WINDOWS\SYSTEM32\USERENV.dll
0x00007ff949230000 - 0x00007ff949256000 	C:\WINDOWS\SYSTEM32\bcrypt.dll
0x00007ff948860000 - 0x00007ff94886c000 	C:\WINDOWS\SYSTEM32\CRYPTBASE.dll
0x00007ff947ad0000 - 0x00007ff947b03000 	C:\WINDOWS\SYSTEM32\IPHLPAPI.DLL
0x00007ff94a420000 - 0x00007ff94a42a000 	C:\WINDOWS\System32\NSI.dll
0x00007ff916d80000 - 0x00007ff916dc9000 	C:\Users\USER\AppData\Local\Temp\jna-2614219\jna9021808580554757808.dll
0x00007ff94a0d0000 - 0x00007ff94a0d8000 	C:\WINDOWS\System32\PSAPI.DLL
0x00007ff943380000 - 0x00007ff94339f000 	C:\WINDOWS\SYSTEM32\dhcpcsvc6.DLL
0x00007ff943310000 - 0x00007ff943335000 	C:\WINDOWS\SYSTEM32\dhcpcsvc.DLL

JVMTI agents:
c:\Users\USER\.vscode\extensions\redhat.java-1.54.0-win32-x64\lombok\lombok-1.18.39-4050.jar path:c:\Users\USER\.vscode\extensions\redhat.java-1.54.0-win32-x64\jre\21.0.10-win32-x86_64\bin\instrument.dll, loaded, initialized, instrumentlib options:none

dbghelp: loaded successfully - version: 4.0.5 - missing functions: none
symbol engine: initialized successfully - sym options: 0x614 - pdb path: .;c:\Users\USER\.vscode\extensions\redhat.java-1.54.0-win32-x64\jre\21.0.10-win32-x86_64\bin;C:\WINDOWS\SYSTEM32;C:\WINDOWS\WinSxS\amd64_microsoft.windows.common-controls_6595b64144ccf1df_6.0.26100.4484_none_3e0e6d4ce32ef3b3;c:\Users\USER\.vscode\extensions\redhat.java-1.54.0-win32-x64\jre\21.0.10-win32-x86_64\bin\server;C:\Users\USER\AppData\Roaming\Code\User\globalStorage\redhat.java\1.54.0\config_ss_win\org.eclipse.equinox.launcher\org.eclipse.equinox.launcher.win32.win32.x86_64_1.3.0.v20260203-2149;C:\Users\USER\AppData\Local\Temp\jna-2614219

VM Arguments:
jvm_args: --add-modules=ALL-SYSTEM --add-opens=java.base/java.util=ALL-UNNAMED --add-opens=java.base/java.lang=ALL-UNNAMED --add-opens=java.base/sun.nio.fs=ALL-UNNAMED -Declipse.application=org.eclipse.jdt.ls.core.id1 -Dosgi.bundles.defaultStartLevel=4 -Declipse.product=org.eclipse.jdt.ls.core.product -Djava.import.generatesMetadataFilesAtProjectRoot=false -DDetectVMInstallationsJob.disabled=true -Dfile.encoding=utf8 -XX:+UseParallelGC -XX:GCTimeRatio=4 -XX:AdaptiveSizePolicyWeight=90 -Dsun.zip.disableMemoryMapping=true -Xmx2G -Xms100m -Xlog:disable -javaagent:c:\Users\USER\.vscode\extensions\redhat.java-1.54.0-win32-x64\lombok\lombok-1.18.39-4050.jar 
java_command: c:\Users\USER\.vscode\extensions\redhat.java-1.54.0-win32-x64\server\plugins\org.eclipse.equinox.launcher_1.7.100.v20251111-0406.jar -configuration c:\Users\USER\AppData\Roaming\Code\User\globalStorage\redhat.java\1.54.0\config_ss_win -data c:\Users\USER\AppData\Roaming\Code\User\workspaceStorage\94930351792b84602ed816a46c01cee6\redhat.java\ss_ws --pipe=\\.\pipe\lsp-83124360ae3b0d5bb2bee2b7ceb048bb-sock
java_class_path (initial): c:\Users\USER\.vscode\extensions\redhat.java-1.54.0-win32-x64\server\plugins\org.eclipse.equinox.launcher_1.7.100.v20251111-0406.jar
Launcher Type: SUN_STANDARD

[Global flags]
    uintx AdaptiveSizePolicyWeight                 = 90                                        {product} {command line}
     intx CICompilerCount                          = 4                                         {product} {ergonomic}
    uintx GCTimeRatio                              = 4                                         {product} {command line}
   size_t InitialHeapSize                          = 104857600                                 {product} {command line}
   size_t MaxHeapSize                              = 2147483648                                {product} {command line}
   size_t MaxNewSize                               = 715653120                                 {product} {ergonomic}
   size_t MinHeapDeltaBytes                        = 524288                                    {product} {ergonomic}
   size_t MinHeapSize                              = 104857600                                 {product} {command line}
   size_t NewSize                                  = 34603008                                  {product} {ergonomic}
    uintx NonNMethodCodeHeapSize                   = 5839372                                {pd product} {ergonomic}
    uintx NonProfiledCodeHeapSize                  = 122909434                              {pd product} {ergonomic}
   size_t OldSize                                  = 70254592                                  {product} {ergonomic}
    uintx ProfiledCodeHeapSize                     = 122909434                              {pd product} {ergonomic}
    uintx ReservedCodeCacheSize                    = 251658240                              {pd product} {ergonomic}
     bool SegmentedCodeCache                       = true                                      {product} {ergonomic}
   size_t SoftMaxHeapSize                          = 2147483648                             {manageable} {ergonomic}
     bool UseCompressedOops                        = true                           {product lp64_product} {ergonomic}
     bool UseLargePagesIndividualAllocation        = false                                  {pd product} {ergonomic}
     bool UseParallelGC                            = true                                      {product} {command line}

Logging:
Log output configuration:
 #0: stdout all=off uptime,level,tags foldmultilines=false
 #1: stderr all=off uptime,level,tags foldmultilines=false

Release file:
JAVA_VERSION="21.0.10" 
MODULES="java.base java.compiler java.datatransfer java.xml java.prefs java.desktop java.instrument java.logging java.management java.security.sasl java.naming java.rmi java.management.rmi java.net.http java.scripting java.security.jgss java.transaction.xa java.sql java.sql.rowset java.xml.crypto java.se java.smartcardio jdk.accessibility jdk.internal.jvmstat jdk.attach jdk.charsets jdk.internal.opt jdk.zipfs jdk.compiler jdk.crypto.ec jdk.crypto.cryptoki jdk.crypto.mscapi jdk.dynalink jdk.internal.ed jdk.editpad jdk.hotspot.agent jdk.httpserver jdk.internal.le jdk.internal.vm.ci jdk.internal.vm.compiler jdk.internal.vm.compiler.management jdk.jartool jdk.javadoc jdk.jcmd jdk.management jdk.management.agent jdk.jconsole jdk.jdeps jdk.jdwp.agent jdk.jdi jdk.jfr jdk.jshell jdk.jsobject jdk.jstatd jdk.localedata jdk.management.jfr jdk.naming.dns jdk.naming.rmi jdk.net jdk.nio.mapmode jdk.random jdk.sctp jdk.security.auth jdk.security.jgss jdk.unsupported jdk.unsupported.desktop jdk.xml.dom" 

Environment Variables:
JAVA_HOME=C:\Program Files\Amazon Corretto\jdk21.0.10_7
PATH=C:\Users\USER\AppData\Local\Programs\Microsoft VS Code;C:\Program Files\Amazon Corretto\jdk21.0.10_7\bin;C:\Program Files\Common Files\Oracle\Java\javapath;C:\app\app\oracle\product\10.2.0\server\bin;C:\WINDOWS\system32;C:\WINDOWS;C:\WINDOWS\System32\Wbem;C:\WINDOWS\System32\WindowsPowerShell\v1.0\;C:\WINDOWS\System32\OpenSSH\;C:\xampp\php;C:\composer;C:\Program Files\nodejs\;C:\ProgramData\chocolatey\bin;C:\Program Files\Git\cmd;C:\Program Files\Docker\Docker\resources\bin;C:\Program Files\Amazon Corretto\jdk21.0.10_7\bin;D:\apache-maven-3.9.14-bin\apache-maven-3.9.14\bin;C:\Windows\System32;C:\Program Files\Tailscale\;C:\Program Files\MySQL\MySQL Server 8.0\bin;C:\Program Files\MySQL\MySQL Shell 8.0\bin\;C:\Users\USER\AppData\Local\Microsoft\WindowsApps;C:\Users\USER\AppData\Local\Programs\Microsoft VS Code\bin;C:\Users\USER\AppData\Roaming\Composer\vendor\bin;C:\Users\USER\AppData\Local\Microsoft\WinGet\Packages\Schniz.fnm_Microsoft.Winget.Source_8wekyb3d8bbwe;C:\Users\USER\AppData\Roaming\npm;C:\flutter\bin;C:\dart-sdk\bin;C:\Users\USER\AppData\Local\Python\bin
USERNAME=USER
OS=Windows_NT
PROCESSOR_IDENTIFIER=Intel64 Family 6 Model 170 Stepping 4, GenuineIntel
TMP=C:\Users\USER\AppData\Local\Temp
TEMP=C:\Users\USER\AppData\Local\Temp




Periodic native trim disabled

---------------  S Y S T E M  ---------------

OS:
 Windows 11 , 64 bit Build 26100 (10.0.26100.4484)
OS uptime: 1 days 0:37 hours
Hyper-V role detected

CPU: total 14 (initial active 14) (7 cores per cpu, 2 threads per core) family 6 model 170 stepping 4 microcode 0x24, cx8, cmov, fxsr, ht, mmx, 3dnowpref, sse, sse2, sse3, ssse3, sse4.1, sse4.2, popcnt, lzcnt, tsc, tscinvbit, avx, avx2, aes, erms, clmul, bmi1, bmi2, adx, sha, fma, vzeroupper, clflush, clflushopt, clwb, hv, serialize, rdtscp, rdpid, fsrm, f16c, cet_ibt, cet_ss
Processor Information for processor 0
  Max Mhz: 1300, Current Mhz: 1300, Mhz Limit: 1300
Processor Information for processor 1
  Max Mhz: 1300, Current Mhz: 1300, Mhz Limit: 1300
Processor Information for processor 2
  Max Mhz: 800, Current Mhz: 800, Mhz Limit: 800
Processor Information for processor 3
  Max Mhz: 800, Current Mhz: 800, Mhz Limit: 800
Processor Information for processor 4
  Max Mhz: 800, Current Mhz: 800, Mhz Limit: 800
Processor Information for processor 5
  Max Mhz: 800, Current Mhz: 800, Mhz Limit: 800
Processor Information for processor 6
  Max Mhz: 800, Current Mhz: 800, Mhz Limit: 800
Processor Information for processor 7
  Max Mhz: 800, Current Mhz: 800, Mhz Limit: 800
Processor Information for processor 8
  Max Mhz: 800, Current Mhz: 800, Mhz Limit: 800
Processor Information for processor 9
  Max Mhz: 800, Current Mhz: 800, Mhz Limit: 800
Processor Information for processor 10
  Max Mhz: 1300, Current Mhz: 1300, Mhz Limit: 1300
Processor Information for processor 11
  Max Mhz: 1300, Current Mhz: 1300, Mhz Limit: 1300
Processor Information for processor 12
  Max Mhz: 700, Current Mhz: 700, Mhz Limit: 700
Processor Information for processor 13
  Max Mhz: 700, Current Mhz: 700, Mhz Limit: 700

Memory: 4k page, system-wide physical 23880M (2613M free)
TotalPageFile size 40070M (AvailPageFile size 1M)
current process WorkingSet (physical memory assigned to process): 225M, peak: 225M
current process commit charge ("private bytes"): 337M, peak: 337M

vm_info: OpenJDK 64-Bit Server VM (21.0.10+7-LTS) for windows-amd64 JRE (21.0.10+7-LTS), built on 2026-01-20T00:00:00Z by "admin" with MS VC++ 17.12 (VS2022)

END.
